<!DOCTYPE html>
<html lang="en">
<head>
<meta charset="UTF-8">
<title>calculator Report</title>
<style>
    body { font-family: 'Segoe UI', Tahoma, Geneva, Verdana, sans-serif; margin: 40px; background-color: #ede7e3; color: #16697a; }
    h1 { color: #16697a; text-align: center; margin-bottom: 20px; }
    .container { display: grid; grid-template-columns: 1fr 1fr; gap: 20px; max-width: 100vw; }
    .left, .right { padding: 20px; background-color: #ffffff; border: 1px solid #82c0cc; border-radius: 8px; box-shadow: 0 4px 6px rgba(0, 0, 0, 0.1); }
    .left { max-width: 45vw; width: 45vw; overflow-x: auto; box-sizing: border-box; }
    .right { max-width: 45vw; width: 45vw; overflow-x: auto; box-sizing: border-box; }
    pre { background-color: #e9ecef; padding: 15px; border-radius: 8px; overflow-x: auto; font-size: 14px; font-family: 'Courier New', monospace; line-height: 1.4; width: 100%; white-space: pre; box-sizing: border-box; }
    .error { background-color: #f8d7da; border-left: 4px solid #d9534f; padding: 10px; margin-bottom: 10px; border-radius: 4px; color: #721c24; }
    .variable { background-color: #489fb5; border-left: 4px solid #16697a; padding: 10px; margin-bottom: 10px; border-radius: 4px; color: #ffffff; }
    .error-line { background-color: #f8d7da; color: #721c24; font-weight: bold; display: block; padding: 2px 5px; margin: 1px 0; border-radius: 3px; white-space: pre; }
    .success-status { background-color: #d4edda; border-left: 4px solid #28a745; padding: 10px; margin-bottom: 15px; border-radius: 4px; color: #155724; font-weight: bold; }
    .error-status { background-color: #f8d7da; border-left: 4px solid #dc3545; padding: 10px; margin-bottom: 15px; border-radius: 4px; color: #721c24; font-weight: bold; }
    .stats { background-color: #f8f9fa; padding: 15px; border-radius: 4px; margin-bottom: 15px; border: 1px solid #dee2e6; }
    .stat-item { margin-bottom: 8px; font-size: 14px; }
    .variables-table { width: 100%; border-collapse: collapse; margin-top: 10px; margin-bottom: 20px; background-color: #ffffff; border-radius: 4px; overflow: hidden; box-shadow: 0 2px 4px rgba(0,0,0,0.1); clear: both; table-layout: fixed; }
    .variables-table th { background-color: #489fb5; color: white; padding: 12px 8px; text-align: left; font-weight: bold; border-bottom: 2px solid #16697a; width: 33.33%; overflow: hidden; text-overflow: ellipsis; }
    .variables-table td { padding: 10px 8px; border-bottom: 1px solid #e9ecef; width: 33.33%; word-wrap: break-word; overflow: hidden; text-overflow: ellipsis; max-width: 0; }
    .variables-table tbody tr:nth-child(even) { background-color: #f8f9fa; }
    .variables-table tbody tr:hover { background-color: #e3f2fd; }
    .table-container { margin-bottom: 25px; overflow-x: auto; clear: both; display: block; width: 100%; }
    .var-name { font-weight: bold; color: #16697a; }
    .var-type { color: #6c757d; font-style: italic; }
    .var-value { color: #28a745; font-family: 'Courier New', monospace; word-break: break-word; }
    h2 { color: #489fb5; margin-top: 0; margin-bottom: 10px; }
    h3 { color: #16697a; margin-top: 15px; margin-bottom: 8px; font-size: 18px; border-bottom: 2px solid #82c0cc; padding-bottom: 4px; }
    h4 { color: #489fb5; margin-top: 15px; margin-bottom: 8px; font-size: 16px; }
    footer { text-align: center; margin-top: 40px; font-size: 12px; color: #888; }
    .report { margin-bottom: 30px; border-bottom: 2px solid #82c0cc; padding-bottom: 20px; }
</style>

</head><body>
<h1>Compilation Report</h1>
<div class="container">
    <div class="left">
        <h2>Input File Path</h2>
        <pre><code>/mnt/c/Users/russe/Github/MiniTS/src/tests/finalSubmission/section5/calculator.txt</code></pre>
        <h2>Input File Contents</h2>
        <pre><code>  1 | // FEATURE DEMONSTRATED: Conditional Statements
  2 | // KEY CONCEPTS: If statements, conditional execution, branching logic
  3 | 
  4 | class Calculator {
  5 |     value : int = 25;
  6 |     threshold : int = 20;
  7 |     
  8 |     function evaluate(testValue : int) : char {
  9 |         result : char = 'L';
 10 |         
 11 |         // Check for high category
 12 |         if (testValue &gt;= 30) {
 13 |             result = 'H';
 14 |         }
 15 |         
 16 |         // Check for medium category
 17 |         if (testValue &gt;= 20) {
 18 |             result = 'M';
 19 |         }
 20 |         
 21 |         return result;
 22 |     }
 23 |     
 24 |     function compare(input : int) : bool {
 25 |         // Simple comparison against threshold
 26 |         isGreater : bool = input &gt; threshold;
 27 |         return isGreater;
 28 |     }
 29 |     
 30 |     // Conditional evaluations
 31 |     category : char = evaluate(25);    // Returns 'M' (Medium)
 32 |     comparison : bool = compare(30);   // Returns True (30 &gt; 20)
 33 | }
 34 | 
 35 | // FINAL STATE: value=25, threshold=20, category='M', comparison=True
</code></pre>
    </div>

<div class="right"><h2>Compilation Status</h2><div class="success-status">PASS : Compilation Successful</div><h2>Classes, Functions, and Variables</h2><h3>Class: Calculator</h3><h4>Variables</h4><div class="table-container"><table class="variables-table"><thead><tr><th>Variable Name</th><th>Type</th><th>Value</th></tr></thead><tbody><tr><td class="var-name">result</td><td class="var-type">unknown</td><td class="var-value">null</td></tr><tr><td class="var-name">comparison</td><td class="var-type">BOOL</td><td class="var-value">true</td></tr><tr><td class="var-name">isGreater</td><td class="var-type">unknown</td><td class="var-value">null</td></tr><tr><td class="var-name">threshold</td><td class="var-type">INT</td><td class="var-value">20</td></tr><tr><td class="var-name">category</td><td class="var-type">CHAR</td><td class="var-value">'M'</td></tr><tr><td class="var-name">value</td><td class="var-type">INT</td><td class="var-value">25</td></tr></tbody></table></div><h4>Functions</h4><div class="table-container"><table class="variables-table"><thead><tr><th>Function Name</th><th>Return Type</th><th>Parameters</th></tr></thead><tbody><tr><td class="var-name">compare</td><td class="var-type">BOOL</td><td class="var-value">input : INT</td></tr><tr><td class="var-name">evaluate</td><td class="var-type">CHAR</td><td class="var-value">testValue : INT</td></tr></tbody></table></div><h2>Code Metrics</h2><div class="stats"><div class="stat-item">Total Lines: <strong>35</strong></div><div class="stat-item">Non-Empty Lines: <strong>27</strong></div><div class="stat-item">Classes Declared: <strong>1</strong></div><div class="stat-item">Functions Declared: <strong>2</strong></div><div class="stat-item">Variables Declared: <strong>6</strong></div><div class="stat-item">If Statements: <strong>2</strong></div><div class="stat-item">For Loops: <strong>0</strong></div><div class="stat-item">While Loops: <strong>0</strong></div><div class="stat-item">Errors Found: <strong>0</strong></div></div></div>
</div>
<footer>team: russl8, jeffj4</footer>
</body></html>
